// Jest Snapshot v1, https://goo.gl/fbAQLP

exports[`backgroundColorReplacer replace color-when-match 1`] = `"background-color: rgb(0, 255, 0)"`;
